python : Traceback (most recent call last):
At line:1 char:63
+ ... b-scrapper; python -c "from app.services.scraper import scrape_all_jo ...
+                 ~~~~~~~~~~~~~~~~~~~~~~~~~~~~~~~~~~~~~~~~~~~~~~~~~~~~~~~~~
    + CategoryInfo          : NotSpecified: (Traceback (most recent call last)::String) [], RemoteException
    + FullyQualifiedErrorId : NativeCommandError
 
  File "C:\Users\rahul\PycharmProjects\PythonProject\job-scrapper\app\services\scraper.py", line 125, in scrape_all_jobs
    jobs = loop.run_until_complete(scrape_all_jobs_async(keyword, location))
           ^^^^^^^^^^^^^^^^^^^^^^^^^^^^^^^^^^^^^^^^^^^^^^^^^^^^^^^^^^^^^^^^^
  File "C:\Python311\Lib\asyncio\base_events.py", line 653, in run_until_complete
    return future.result()
           ^^^^^^^^^^^^^^^
  File "C:\Users\rahul\PycharmProjects\PythonProject\job-scrapper\app\services\scraper.py", line 95, in scrape_all_jobs_async
    print("\U0001f310 Cache miss or too small, fetching fresh data from APIs...")
  File "C:\Python311\Lib\encodings\cp1252.py", line 19, in encode
    return codecs.charmap_encode(input,self.errors,encoding_table)[0]
           ^^^^^^^^^^^^^^^^^^^^^^^^^^^^^^^^^^^^^^^^^^^^^^^^^^^^^^^
UnicodeEncodeError: 'charmap' codec can't encode character '\U0001f310' in position 0: character maps to <undefined>

During handling of the above exception, another exception occurred:

Traceback (most recent call last):
  File "<string>", line 1, in <module>
  File "C:\Users\rahul\PycharmProjects\PythonProject\job-scrapper\app\services\scraper.py", line 134, in scrape_all_jobs
    print(f"\u2717 Error scraping jobs: {e}")
  File "C:\Python311\Lib\encodings\cp1252.py", line 19, in encode
    return codecs.charmap_encode(input,self.errors,encoding_table)[0]
           ^^^^^^^^^^^^^^^^^^^^^^^^^^^^^^^^^^^^^^^^^^^^^^^^^^^^^^^
UnicodeEncodeError: 'charmap' codec can't encode character '\u2717' in position 0: character maps to <undefined>

============================================================
SCRAPE REQUEST: keyword=python, location=USA
============================================================
Error loading job cache: 'charmap' codec can't encode character '\u2713' in position 0: character maps to <undefined>
